components/admin/AdminDashboard.tsx(2,10): error TS2305: Module '"../../services/supabase"' has no exported member 'processCsvUpload'.
components/admin/AdminDashboard.tsx(2,28): error TS2305: Module '"../../services/supabase"' has no exported member 'getDatabaseStats'.
components/admin/AdminDashboard.tsx(2,46): error TS2305: Module '"../../services/supabase"' has no exported member 'getHistoryLogs'.
components/admin/AdminDashboard.tsx(2,62): error TS2305: Module '"../../services/supabase"' has no exported member 'clearDatabase'.
components/AIScanner.tsx(192,53): error TS2322: Type '{ position: any; icon: any; zIndexOffset: number; }' is not assignable to type 'IntrinsicAttributes & MarkerProps & RefAttributes<LeafletMarker<any>>'.
  Property 'icon' does not exist on type 'IntrinsicAttributes & MarkerProps & RefAttributes<LeafletMarker<any>>'.
components/AIScanner.tsx(344,31): error TS2322: Type '{ children: (Element | Element[])[]; center: [number, number]; zoom: number; style: { height: string; width: string; }; zoomControl: boolean; className: string; }' is not assignable to type 'IntrinsicAttributes & MapContainerProps & RefAttributes<LeafletMap>'.
  Property 'center' does not exist on type 'IntrinsicAttributes & MapContainerProps & RefAttributes<LeafletMap>'.
components/AIScanner.tsx(345,58): error TS2322: Type '{ url: string; attribution: string; }' is not assignable to type 'IntrinsicAttributes & TileLayerProps & RefAttributes<LeafletTileLayer>'.
  Property 'attribution' does not exist on type 'IntrinsicAttributes & TileLayerProps & RefAttributes<LeafletTileLayer>'.
components/AIScanner.tsx(350,75): error TS2322: Type '{ children: Element; key: string; position: any[]; icon: any; }' is not assignable to type 'IntrinsicAttributes & MarkerProps & RefAttributes<LeafletMarker<any>>'.
  Property 'icon' does not exist on type 'IntrinsicAttributes & MarkerProps & RefAttributes<LeafletMarker<any>>'.
components/AIScanner.tsx(351,36): error TS2322: Type '{ children: Element; className: string; }' is not assignable to type 'IntrinsicAttributes & PopupProps & RefAttributes<LeafletPopup>'.
  Property 'className' does not exist on type 'IntrinsicAttributes & PopupProps & RefAttributes<LeafletPopup>'.
components/AIScanner.tsx(397,70): error TS2322: Type '{ children: Element; key: any; position: any[]; icon: any; }' is not assignable to type 'IntrinsicAttributes & MarkerProps & RefAttributes<LeafletMarker<any>>'.
  Property 'icon' does not exist on type 'IntrinsicAttributes & MarkerProps & RefAttributes<LeafletMarker<any>>'.
components/AIScanner.tsx(398,36): error TS2322: Type '{ children: Element; className: string; }' is not assignable to type 'IntrinsicAttributes & PopupProps & RefAttributes<LeafletPopup>'.
  Property 'className' does not exist on type 'IntrinsicAttributes & PopupProps & RefAttributes<LeafletPopup>'.
components/AIScanner.tsx(455,52): error TS2322: Type '{ center: any; radius: number; pathOptions: { color: string; fillColor: string; fillOpacity: number; weight: number; dashArray: string; }; }' is not assignable to type 'IntrinsicAttributes & CircleProps & RefAttributes<LeafletCircle<any>>'.
  Property 'radius' does not exist on type 'IntrinsicAttributes & CircleProps & RefAttributes<LeafletCircle<any>>'.
components/features/Market/MarketScanner.tsx(106,49): error TS2322: Type '{ position: any; icon: any; zIndexOffset: number; }' is not assignable to type 'IntrinsicAttributes & MarkerProps & RefAttributes<LeafletMarker<any>>'.
  Property 'icon' does not exist on type 'IntrinsicAttributes & MarkerProps & RefAttributes<LeafletMarker<any>>'.
components/features/Market/MarketScanner.tsx(275,23): error TS2322: Type '{ children: (Element | Element[])[]; center: number[]; zoom: number; style: { height: string; width: string; }; zoomControl: boolean; preferCanvas: boolean; }' is not assignable to type 'IntrinsicAttributes & MapContainerProps & RefAttributes<LeafletMap>'.
  Property 'center' does not exist on type 'IntrinsicAttributes & MapContainerProps & RefAttributes<LeafletMap>'.
components/features/Market/MarketScanner.tsx(276,44): error TS2322: Type '{ url: string; attribution: string; }' is not assignable to type 'IntrinsicAttributes & TileLayerProps & RefAttributes<LeafletTileLayer>'.
  Property 'attribution' does not exist on type 'IntrinsicAttributes & TileLayerProps & RefAttributes<LeafletTileLayer>'.
components/features/Market/MarketScanner.tsx(279,67): error TS2322: Type '{ children: Element; key: string; center: number[]; radius: number; pathOptions: { fillColor: string; color: string; weight: number; fillOpacity: number; renderer: any; }; }' is not assignable to type 'IntrinsicAttributes & CircleMarkerProps & RefAttributes<LeafletCircleMarker<any>>'.
  Property 'radius' does not exist on type 'IntrinsicAttributes & CircleMarkerProps & RefAttributes<LeafletCircleMarker<any>>'.
components/features/Market/MarketScanner.tsx(280,22): error TS2322: Type '{ children: Element; className: string; }' is not assignable to type 'IntrinsicAttributes & PopupProps & RefAttributes<LeafletPopup>'.
  Property 'className' does not exist on type 'IntrinsicAttributes & PopupProps & RefAttributes<LeafletPopup>'.
components/features/Market/MarketScanner.tsx(301,58): error TS2322: Type '{ children: Element; key: any; position: any[]; icon: any; }' is not assignable to type 'IntrinsicAttributes & MarkerProps & RefAttributes<LeafletMarker<any>>'.
  Property 'icon' does not exist on type 'IntrinsicAttributes & MarkerProps & RefAttributes<LeafletMarker<any>>'.
components/features/Market/MarketScanner.tsx(302,22): error TS2322: Type '{ children: Element; className: string; }' is not assignable to type 'IntrinsicAttributes & PopupProps & RefAttributes<LeafletPopup>'.
  Property 'className' does not exist on type 'IntrinsicAttributes & PopupProps & RefAttributes<LeafletPopup>'.
components/features/Optimizer/AIRouteOptimizer.tsx(81,27): error TS2322: Type '{ children: (Element | Element[])[]; center: number[]; zoom: number; style: { height: string; width: string; background: string; }; zoomControl: boolean; dragging: boolean; }' is not assignable to type 'IntrinsicAttributes & MapContainerProps & RefAttributes<LeafletMap>'.
  Property 'center' does not exist on type 'IntrinsicAttributes & MapContainerProps & RefAttributes<LeafletMap>'.
components/features/Optimizer/AIRouteOptimizer.tsx(83,54): error TS2322: Type '{ url: string; attribution: string; }' is not assignable to type 'IntrinsicAttributes & TileLayerProps & RefAttributes<LeafletTileLayer>'.
  Property 'attribution' does not exist on type 'IntrinsicAttributes & TileLayerProps & RefAttributes<LeafletTileLayer>'.
components/features/Optimizer/AIRouteOptimizer.tsx(86,100): error TS2322: Type '{ key: string; position: number[]; icon: any; }' is not assignable to type 'IntrinsicAttributes & MarkerProps & RefAttributes<LeafletMarker<any>>'.
  Property 'icon' does not exist on type 'IntrinsicAttributes & MarkerProps & RefAttributes<LeafletMarker<any>>'.
components/features/Optimizer/AIRouteOptimizer.tsx(89,98): error TS2322: Type '{ key: string; position: number[]; icon: any; }' is not assignable to type 'IntrinsicAttributes & MarkerProps & RefAttributes<LeafletMarker<any>>'.
  Property 'icon' does not exist on type 'IntrinsicAttributes & MarkerProps & RefAttributes<LeafletMarker<any>>'.
components/features/Optimizer/AIRouteOptimizer.tsx(92,65): error TS2322: Type '{ children: Element; position: number[]; icon: any; zIndexOffset: number; }' is not assignable to type 'IntrinsicAttributes & MarkerProps & RefAttributes<LeafletMarker<any>>'.
  Property 'icon' does not exist on type 'IntrinsicAttributes & MarkerProps & RefAttributes<LeafletMarker<any>>'.
components/features/Optimizer/AIRouteOptimizer.tsx(93,30): error TS2322: Type '{ children: Element; permanent: true; direction: string; offset: number[]; className: string; }' is not assignable to type 'IntrinsicAttributes & TooltipProps & RefAttributes<LeafletTooltip>'.
  Property 'permanent' does not exist on type 'IntrinsicAttributes & TooltipProps & RefAttributes<LeafletTooltip>'.
components/features/Optimizer/AIRouteOptimizer.tsx(421,105): error TS2362: The left-hand side of an arithmetic operation must be of type 'any', 'number', 'bigint' or an enum type.
components/MapVisualizer.tsx(381,9): error TS2322: Type '{ children: (Element | Element[])[]; center: [number, number]; zoom: number; style: { height: string; width: string; borderRadius: string; }; zoomControl: boolean; }' is not assignable to type 'IntrinsicAttributes & MapContainerProps & RefAttributes<LeafletMap>'.
  Property 'center' does not exist on type 'IntrinsicAttributes & MapContainerProps & RefAttributes<LeafletMap>'.
components/MapVisualizer.tsx(389,13): error TS2322: Type '{ attribution: string; url: string; }' is not assignable to type 'IntrinsicAttributes & TileLayerProps & RefAttributes<LeafletTileLayer>'.
  Property 'attribution' does not exist on type 'IntrinsicAttributes & TileLayerProps & RefAttributes<LeafletTileLayer>'.
components/MapVisualizer.tsx(395,13): error TS2322: Type '{ attribution: string; url: string; }' is not assignable to type 'IntrinsicAttributes & TileLayerProps & RefAttributes<LeafletTileLayer>'.
  Property 'attribution' does not exist on type 'IntrinsicAttributes & TileLayerProps & RefAttributes<LeafletTileLayer>'.
components/MapVisualizer.tsx(401,13): error TS2322: Type '{ attribution: string; url: string; }' is not assignable to type 'IntrinsicAttributes & TileLayerProps & RefAttributes<LeafletTileLayer>'.
  Property 'attribution' does not exist on type 'IntrinsicAttributes & TileLayerProps & RefAttributes<LeafletTileLayer>'.
components/MapVisualizer.tsx(407,13): error TS2322: Type '{ attribution: string; url: string; }' is not assignable to type 'IntrinsicAttributes & TileLayerProps & RefAttributes<LeafletTileLayer>'.
  Property 'attribution' does not exist on type 'IntrinsicAttributes & TileLayerProps & RefAttributes<LeafletTileLayer>'.
components/MapVisualizer.tsx(463,15): error TS2322: Type '{ children: Element; key: string; position: any[]; icon: any; zIndexOffset: number; }' is not assignable to type 'IntrinsicAttributes & MarkerProps & RefAttributes<LeafletMarker<any>>'.
  Property 'icon' does not exist on type 'IntrinsicAttributes & MarkerProps & RefAttributes<LeafletMarker<any>>'.
components/MapVisualizer.tsx(466,22): error TS2322: Type '{ children: Element; closeButton: boolean; className: string; offset: number[]; }' is not assignable to type 'IntrinsicAttributes & PopupProps & RefAttributes<LeafletPopup>'.
  Property 'closeButton' does not exist on type 'IntrinsicAttributes & PopupProps & RefAttributes<LeafletPopup>'.
components/OpportunityRadar.tsx(132,49): error TS2322: Type '{ position: any; icon: any; zIndexOffset: number; }' is not assignable to type 'IntrinsicAttributes & MarkerProps & RefAttributes<LeafletMarker<any>>'.
  Property 'icon' does not exist on type 'IntrinsicAttributes & MarkerProps & RefAttributes<LeafletMarker<any>>'.
components/OpportunityRadar.tsx(286,23): error TS2322: Type '{ children: (Element | Element[])[]; center: number[]; zoom: number; style: { height: string; width: string; }; zoomControl: boolean; preferCanvas: boolean; }' is not assignable to type 'IntrinsicAttributes & MapContainerProps & RefAttributes<LeafletMap>'.
  Property 'center' does not exist on type 'IntrinsicAttributes & MapContainerProps & RefAttributes<LeafletMap>'.
components/OpportunityRadar.tsx(287,44): error TS2322: Type '{ url: string; attribution: string; }' is not assignable to type 'IntrinsicAttributes & TileLayerProps & RefAttributes<LeafletTileLayer>'.
  Property 'attribution' does not exist on type 'IntrinsicAttributes & TileLayerProps & RefAttributes<LeafletTileLayer>'.
components/OpportunityRadar.tsx(291,67): error TS2322: Type '{ children: Element; key: string; center: number[]; radius: number; pathOptions: { fillColor: string; color: string; weight: number; fillOpacity: number; renderer: any; }; }' is not assignable to type 'IntrinsicAttributes & CircleMarkerProps & RefAttributes<LeafletCircleMarker<any>>'.
  Property 'radius' does not exist on type 'IntrinsicAttributes & CircleMarkerProps & RefAttributes<LeafletCircleMarker<any>>'.
components/OpportunityRadar.tsx(292,22): error TS2322: Type '{ children: Element; className: string; }' is not assignable to type 'IntrinsicAttributes & PopupProps & RefAttributes<LeafletPopup>'.
  Property 'className' does not exist on type 'IntrinsicAttributes & PopupProps & RefAttributes<LeafletPopup>'.
components/OpportunityRadar.tsx(324,58): error TS2322: Type '{ children: Element; key: any; position: any[]; icon: any; }' is not assignable to type 'IntrinsicAttributes & MarkerProps & RefAttributes<LeafletMarker<any>>'.
  Property 'icon' does not exist on type 'IntrinsicAttributes & MarkerProps & RefAttributes<LeafletMarker<any>>'.
components/OpportunityRadar.tsx(325,22): error TS2322: Type '{ children: Element; className: string; }' is not assignable to type 'IntrinsicAttributes & PopupProps & RefAttributes<LeafletPopup>'.
  Property 'className' does not exist on type 'IntrinsicAttributes & PopupProps & RefAttributes<LeafletPopup>'.
services/firebase.ts(16,26): error TS2307: Cannot find module '../constants' or its corresponding type declarations.
services/supabase.ts(2573,17): error TS2741: Property 'scannerV2' is missing in type '{ insights: { enabled: true; minClientsPerRoute: number; maxClientsPerRoute: number; efficiencyThreshold: number; visitFrequencyDays: number; workingDaysPerWeek: number; churnThresholdDays: number; nearbyRadiusMeters: number; }; market: { ...; }; optimizer: { ...; }; map: { ...; }; }' but required in type '{ insights: { enabled: boolean; minClientsPerRoute: number; maxClientsPerRoute: number; efficiencyThreshold: number; visitFrequencyDays: number; workingDaysPerWeek: number; churnThresholdDays: number; nearbyRadiusMeters: number; }; market: { ...; }; optimizer: { ...; }; map: { ...; }; scannerV2: { ...; }; }'.
services/supabase.ts(2807,17): error TS2741: Property 'scannerV2' is missing in type '{ insights: { enabled: true; minClientsPerRoute: number; maxClientsPerRoute: number; efficiencyThreshold: number; visitFrequencyDays: number; workingDaysPerWeek: number; churnThresholdDays: number; nearbyRadiusMeters: number; }; market: { ...; }; optimizer: { ...; }; map: { ...; }; }' but required in type '{ insights: { enabled: boolean; minClientsPerRoute: number; maxClientsPerRoute: number; efficiencyThreshold: number; visitFrequencyDays: number; workingDaysPerWeek: number; churnThresholdDays: number; nearbyRadiusMeters: number; }; market: { ...; }; optimizer: { ...; }; map: { ...; }; scannerV2: { ...; }; }'.
src/tests/setup.ts(87,1): error TS2304: Cannot find name 'afterEach'.
vitest.config.ts(6,15): error TS2769: No overload matches this call.
  The last overload gave the following error.
    Type 'Plugin<any>[]' is not assignable to type 'PluginOption'.
      Type 'Plugin<any>[]' is not assignable to type 'PluginOption[]'.
        Type 'Plugin<any>' is not assignable to type 'PluginOption'.
          Type 'import("/Users/moamen/Desktop/Reach V1/node_modules/vite/dist/node/index").Plugin<any>' is not assignable to type 'import("/Users/moamen/Desktop/Reach V1/node_modules/vitest/node_modules/vite/dist/node/index").Plugin<any>'.
            Types of property 'apply' are incompatible.
              Type '"build" | "serve" | ((this: void, config: import("/Users/moamen/Desktop/Reach V1/node_modules/vite/dist/node/index").UserConfig, env: import("/Users/moamen/Desktop/Reach V1/node_modules/vite/dist/node/index").ConfigEnv) => boolean)' is not assignable to type '"build" | "serve" | ((this: void, config: import("/Users/moamen/Desktop/Reach V1/node_modules/vitest/node_modules/vite/dist/node/index").UserConfig, env: import("/Users/moamen/Desktop/Reach V1/node_modules/vitest/node_modules/vite/dist/node/index").ConfigEnv) => boolean)'.
                Type '(this: void, config: UserConfig, env: ConfigEnv) => boolean' is not assignable to type '"build" | "serve" | ((this: void, config: UserConfig, env: ConfigEnv) => boolean)'.
                  Type '(this: void, config: import("/Users/moamen/Desktop/Reach V1/node_modules/vite/dist/node/index").UserConfig, env: import("/Users/moamen/Desktop/Reach V1/node_modules/vite/dist/node/index").ConfigEnv) => boolean' is not assignable to type '(this: void, config: import("/Users/moamen/Desktop/Reach V1/node_modules/vitest/node_modules/vite/dist/node/index").UserConfig, env: import("/Users/moamen/Desktop/Reach V1/node_modules/vitest/node_modules/vite/dist/node/index").ConfigEnv) => boolean'.
                    Types of parameters 'config' and 'config' are incompatible.
                      Type 'import("/Users/moamen/Desktop/Reach V1/node_modules/vitest/node_modules/vite/dist/node/index").UserConfig' is not assignable to type 'import("/Users/moamen/Desktop/Reach V1/node_modules/vite/dist/node/index").UserConfig'.
                        Types of property 'plugins' are incompatible.
                          Type 'import("/Users/moamen/Desktop/Reach V1/node_modules/vitest/node_modules/vite/dist/node/index").PluginOption[]' is not assignable to type 'import("/Users/moamen/Desktop/Reach V1/node_modules/vite/dist/node/index").PluginOption[]'.
                            Type 'import("/Users/moamen/Desktop/Reach V1/node_modules/vitest/node_modules/vite/dist/node/index").PluginOption' is not assignable to type 'import("/Users/moamen/Desktop/Reach V1/node_modules/vite/dist/node/index").PluginOption'.
                              Type 'Plugin<any>' is not assignable to type 'PluginOption'.
                                Type 'import("/Users/moamen/Desktop/Reach V1/node_modules/vitest/node_modules/vite/dist/node/index").Plugin<any>' is not assignable to type 'import("/Users/moamen/Desktop/Reach V1/node_modules/vite/dist/node/index").Plugin<any>'.
                                  Types of property 'apply' are incompatible.
                                    Type '"build" | "serve" | ((this: void, config: import("/Users/moamen/Desktop/Reach V1/node_modules/vitest/node_modules/vite/dist/node/index").UserConfig, env: import("/Users/moamen/Desktop/Reach V1/node_modules/vitest/node_modules/vite/dist/node/index").ConfigEnv) => boolean)' is not assignable to type '"build" | "serve" | ((this: void, config: import("/Users/moamen/Desktop/Reach V1/node_modules/vite/dist/node/index").UserConfig, env: import("/Users/moamen/Desktop/Reach V1/node_modules/vite/dist/node/index").ConfigEnv) => boolean)'.
                                      Type '(this: void, config: UserConfig, env: ConfigEnv) => boolean' is not assignable to type '"build" | "serve" | ((this: void, config: UserConfig, env: ConfigEnv) => boolean)'.
                                        Type '(this: void, config: import("/Users/moamen/Desktop/Reach V1/node_modules/vitest/node_modules/vite/dist/node/index").UserConfig, env: import("/Users/moamen/Desktop/Reach V1/node_modules/vitest/node_modules/vite/dist/node/index").ConfigEnv) => boolean' is not assignable to type '(this: void, config: import("/Users/moamen/Desktop/Reach V1/node_modules/vite/dist/node/index").UserConfig, env: import("/Users/moamen/Desktop/Reach V1/node_modules/vite/dist/node/index").ConfigEnv) => boolean'.
                                          Types of parameters 'config' and 'config' are incompatible.
                                            Type 'import("/Users/moamen/Desktop/Reach V1/node_modules/vite/dist/node/index").UserConfig' is not assignable to type 'import("/Users/moamen/Desktop/Reach V1/node_modules/vitest/node_modules/vite/dist/node/index").UserConfig'.
                                              Types of property 'plugins' are incompatible.
                                                Type 'import("/Users/moamen/Desktop/Reach V1/node_modules/vite/dist/node/index").PluginOption[]' is not assignable to type 'import("/Users/moamen/Desktop/Reach V1/node_modules/vitest/node_modules/vite/dist/node/index").PluginOption[]'.
                                                  Type 'import("/Users/moamen/Desktop/Reach V1/node_modules/vite/dist/node/index").PluginOption' is not assignable to type 'import("/Users/moamen/Desktop/Reach V1/node_modules/vitest/node_modules/vite/dist/node/index").PluginOption'.
                                                    Type 'Promise<false | Plugin<any> | PluginOption[]>' is not assignable to type 'PluginOption'.
                                                      Type 'Promise<false | import("/Users/moamen/Desktop/Reach V1/node_modules/vite/dist/node/index").Plugin<any> | import("/Users/moamen/Desktop/Reach V1/node_modules/vite/dist/node/index").PluginOption[]>' is not assignable to type 'Promise<false | import("/Users/moamen/Desktop/Reach V1/node_modules/vitest/node_modules/vite/dist/node/index").Plugin<any> | import("/Users/moamen/Desktop/Reach V1/node_modules/vitest/node_modules/vite/dist/node/index").PluginOption[]>'.
                                                        Type 'false | import("/Users/moamen/Desktop/Reach V1/node_modules/vite/dist/node/index").Plugin<any> | import("/Users/moamen/Desktop/Reach V1/node_modules/vite/dist/node/index").PluginOption[]' is not assignable to type 'false | import("/Users/moamen/Desktop/Reach V1/node_modules/vitest/node_modules/vite/dist/node/index").Plugin<any> | import("/Users/moamen/Desktop/Reach V1/node_modules/vitest/node_modules/vite/dist/node/index").PluginOption[]'.
                                                          Type 'Plugin<any>' is not assignable to type 'false | Plugin<any> | PluginOption[]'.
